{
  "brand_name": "VOICEVOX OSS",
  "default_sampling_rate": 24000,
  "dependency_licenses": [
    {
      "license": "dummy license",
      "name": "dummy library",
      "text": "dummy license text",
      "version": "0.0.1"
    }
  ],
  "frame_rate": 93.75,
  "icon": "MD5:f957eb4f5daedccb4eb6a5170f384bf4",
  "manifest_version": "0.13.1",
  "name": "VOICEVOX ENGINE OSS",
  "supported_features": {
    "adjust_intonation_scale": true,
    "adjust_mora_pitch": true,
    "adjust_pause_length": true,
    "adjust_phoneme_length": true,
    "adjust_pitch_scale": true,
    "adjust_speed_scale": true,
    "adjust_volume_scale": true,
    "apply_katakana_english": true,
    "interrogative_upspeak": true,
    "manage_library": true,
    "return_resource_url": true,
    "sing": true,
    "synthesis_morphing": true
  },
  "supported_vvlib_manifest_version": null,
  "terms_of_service": "dummy teams of service",
  "update_infos": [
    {
      "contributors": [
        "aoirint",
        "Hiroshiba",
        "nanae772",
        "qryxip",
        "raa0121",
        "sabonerune",
        "sevenc-nanashi",
        "tarepan"
      ],
      "descriptions": [
        "OpenAPIの関数名をわかりやすく変更",
        "DockerfileでPython実行環境を作成しない形に変更",
        "Docker Hub上のlatestタグを安定最新版に変更",
        "辞書に登録されていない英単語の自然なカタカナ読みを可能に"
      ],
      "version": "0.24.0"
    },
    {
      "contributors": [],
      "descriptions": [
        "キャラクター「離途」「黒沢冴白」を追加"
      ],
      "version": "0.23.1"
    },
    {
      "contributors": [
        "aoirint",
        "Hiroshiba",
        "HyodaKazuaki",
        "nanae772",
        "sabonerune",
        "shunjilin",
        "sigprogramming",
        "takana-v"
      ],
      "descriptions": [
        "ソング：ピッチ取得APIを追加",
        "同一エンジンの複数同時稼働を可能に",
        "ARM64版エンジンの提供",
        "開発環境の向上"
      ],
      "version": "0.23.0"
    },
    {
      "contributors": [
        "aoirint",
        "Hiroshiba",
        "rokujyushi",
        "sabonerune",
        "sevenc-nanashi",
        "takana-v",
        "tarepan"
      ],
      "descriptions": [
        "ソング対応モーラを追加",
        "プリセットの保存先を変更",
        "開発環境の向上"
      ],
      "version": "0.22.0"
    },
    {
      "contributors": [],
      "descriptions": [
        "キャラクター「Voidoll」を追加"
      ],
      "version": "0.21.1"
    },
    {
      "contributors": [],
      "descriptions": [
        "変更を追従"
      ],
      "version": "0.21.0"
    },
    {
      "contributors": [],
      "descriptions": [
        "変更を追従"
      ],
      "version": "0.20.0"
    },
    {
      "contributors": [],
      "descriptions": [
        "VOICEVOX Nemoを追加"
      ],
      "version": "0.14.0"
    }
  ],
  "url": "https://github.com/VOICEVOX/voicevox_engine",
  "uuid": "c7b58856-bd56-4aa1-afb7-b8415f824b06"
}
